// Jest Snapshot v1, https://goo.gl/fbAQLP

exports[`Loader Ui Components should snapshot 1`] = `
<DocumentFragment>
  <div
    style="width: 100px; height: 100px;"
  >
    <svg
      class="amplify-loader amplify-loader--large"
      data-size="large"
      role="img"
    >
      <g>
        <circle
          cx="50%"
          cy="50%"
          data-testid="circular-empty"
          r="42%"
          stroke-width="8%"
          style="stroke: undefined;"
        />
        <circle
          cx="50%"
          cy="50%"
          data-testid="circular-filled"
          r="42%"
          stroke-width="8%"
          style="stroke: undefined;"
        />
      </g>
    </svg>
  </div>
</DocumentFragment>
`;
